
Map of Debug\i2c_slave_driver.sm8 from link file Debug\i2c_slave_driver.lkf - Wed Sep 28 16:11:48 2016


                               --------
                               Segments
                               --------

start 00008080 end 00008080 length     0 segment .const
start 00008083 end 000081e8 length   357 segment .text
start 00004000 end 00004000 length     0 segment .eeprom
start 00000000 end 00000000 length     0 segment .bsct
start 00000000 end 0000002c length    44 segment .ubsct
start 0000002c end 0000002c length     0 segment .bit
start 0000002c end 0000002c length     0 segment .share
start 00000100 end 00000100 length     0 segment .data
start 00000100 end 00000100 length     0 segment .bss
start 00000000 end 0000022e length   558 segment .info.
start 00000000 end 00000512 length  1298 segment .debug
start 00008000 end 00008080 length   128 segment .const
start 00008080 end 00008083 length     3 segment .init


                               -------
                               Modules
                               -------

C:\Program Files (x86)\COSMIC\CXSTM8_32K\Lib\crtsi0.sm8:
start 00008083 end 000080ce length    75 section .text
start 00000100 end 00000100 length     0 section .bss
start 00000000 end 00000000 length     0 section .ubsct
start 00000000 end 0000002f length    47 section .info.

Debug\i2c_slave_interrupt.o:
start 000080ce end 000081c5 length   247 section .text
start 00000000 end 00000026 length    38 section .ubsct
start 00000000 end 000002f9 length   761 section .debug
start 0000002f end 000000aa length   123 section .info.

Debug\main.o:
start 000081c5 end 000081e7 length    34 section .text
start 000002f9 end 000003a7 length   174 section .debug
start 000000aa end 00000116 length   108 section .info.

(C:\Program Files (x86)\COSMIC\CXSTM8_32K\Lib\libm0.sm8)xreg.o:
start 00000026 end 00000029 length     3 section .ubsct
start 00000116 end 00000144 length    46 section .info.

(C:\Program Files (x86)\COSMIC\CXSTM8_32K\Lib\libm0.sm8)yreg.o:
start 00000029 end 0000002c length     3 section .ubsct
start 00000144 end 00000172 length    46 section .info.

Debug\stm8_interrupt_vector.o:
start 000081e7 end 000081e8 length     1 section .text
start 000003a7 end 00000512 length   363 section .debug
start 00000172 end 000001ef length   125 section .info.
start 00008000 end 00008080 length   128 section .const


                             -----------
                             Stack usage
                             -----------

Debug\i2c_slave_interrupt.o:
_I2C_byte_received            3   (3)
_I2C_byte_write               2   (2)
_I2C_transaction_begin        2   (2)
_I2C_transaction_end          2   (2)
_Init_I2C                     2   (2)
f_I2C_Slave_check_event  >   14   (11)

Debug\main.o:
_main                    >    4   (2)

Debug\stm8_interrupt_vector.o:
f_NonHandledInterrupt    >    5   (5)

Stack size: 18


                              ---------
                              Call tree
                              ---------
   1 > __stext: (0)

   2 > _main: (2)
   3      + _Init_I2C: (2)
       
   4 > f_I2C_Slave_check_event: (11)
   5      + _I2C_byte_received: (3)
   6      + _I2C_byte_write: (2)
   7      + _I2C_transaction_begin: (2)
   8      + _I2C_transaction_end: (2)
       
   9 > f_NonHandledInterrupt: (5)

  10   _I2C_byte_received --> 5

  11   _I2C_byte_write --> 6

  12   _I2C_transaction_begin --> 7

  13   _I2C_transaction_end --> 8

  14   _Init_I2C --> 3



                               -------
                               Symbols
                               -------

_I2C_byte_received        000080d4   defined in Debug\i2c_slave_interrupt.o section .text
_I2C_byte_write           00008103   defined in Debug\i2c_slave_interrupt.o section .text
_I2C_transaction_begin    000080ce   defined in Debug\i2c_slave_interrupt.o section .text
_I2C_transaction_end      000080d3   defined in Debug\i2c_slave_interrupt.o section .text
_Init_I2C                 000081ac   defined in Debug\i2c_slave_interrupt.o section .text
                                     used in Debug\main.o
_MessageBegin             00000003   defined in Debug\i2c_slave_interrupt.o section .ubsct
__endmem                  000001ff   defined in command file
                                     *** not used ***
__endzp                   0000002c   defined in command file section .ubsct
                                     used in C:\Program Files (x86)\COSMIC\CXSTM8_32K\Lib\crtsi0.sm8
__idesc__                 00008080   defined in linker section .init
                                     used in C:\Program Files (x86)\COSMIC\CXSTM8_32K\Lib\crtsi0.sm8
__memory                  00000100   defined in command file section .bss
                                     used in C:\Program Files (x86)\COSMIC\CXSTM8_32K\Lib\crtsi0.sm8
__stack                   000003ff   defined in command file
                                     used in C:\Program Files (x86)\COSMIC\CXSTM8_32K\Lib\crtsi0.sm8
__startmem                00000100   defined in command file section .bss
                                     *** not used ***
__stext                   00008083   defined in C:\Program Files (x86)\COSMIC\CXSTM8_32K\Lib\crtsi0.sm8 section .text
                                     used in Debug\stm8_interrupt_vector.o
__vectab                  00008000   defined in Debug\stm8_interrupt_vector.o section .const
_exit                     000080cc   defined in C:\Program Files (x86)\COSMIC\CXSTM8_32K\Lib\crtsi0.sm8 section .text
_main                     000081c5   defined in Debug\main.o section .text
                                     used in C:\Program Files (x86)\COSMIC\CXSTM8_32K\Lib\crtsi0.sm8
_u8_MyBuffp               00000004   defined in Debug\i2c_slave_interrupt.o section .ubsct
_u8_My_Buffer             00000006   defined in Debug\i2c_slave_interrupt.o section .ubsct
c_x                       00000026   defined in (C:\Program Files (x86)\COSMIC\CXSTM8_32K\Lib\libm0.sm8)xreg.o section .ubsct
                                     used in C:\Program Files (x86)\COSMIC\CXSTM8_32K\Lib\crtsi0.sm8
                                             Debug\i2c_slave_interrupt.o
c_y                       00000029   defined in (C:\Program Files (x86)\COSMIC\CXSTM8_32K\Lib\libm0.sm8)yreg.o section .ubsct
                                     used in C:\Program Files (x86)\COSMIC\CXSTM8_32K\Lib\crtsi0.sm8
                                             Debug\i2c_slave_interrupt.o
f_I2C_Slave_check_event   00008118   defined in Debug\i2c_slave_interrupt.o section .text
                                     used in Debug\stm8_interrupt_vector.o
f_NonHandledInterrupt     000081e7   defined in Debug\stm8_interrupt_vector.o section .text
